{
  "version": "1.5.0",
  "plugins_used": [
    {
      "name": "ArtifactoryDetector"
    },
    {
      "name": "AWSKeyDetector"
    },
    {
      "name": "AzureStorageKeyDetector"
    },
    {
      "name": "Base64HighEntropyString",
      "limit": 4.5
    },
    {
      "name": "BasicAuthDetector"
    },
    {
      "name": "CloudantDetector"
    },
    {
      "name": "DiscordBotTokenDetector"
    },
    {
      "name": "GitHubTokenDetector"
    },
    {
      "name": "GitLabTokenDetector"
    },
    {
      "name": "HexHighEntropyString",
      "limit": 3.0
    },
    {
      "name": "IbmCloudIamDetector"
    },
    {
      "name": "IbmCosHmacDetector"
    },
    {
      "name": "IPPublicDetector"
    },
    {
      "name": "JwtTokenDetector"
    },
    {
      "name": "KeywordDetector",
      "keyword_exclude": ""
    },
    {
      "name": "MailchimpDetector"
    },
    {
      "name": "NpmDetector"
    },
    {
      "name": "OpenAIDetector"
    },
    {
      "name": "PrivateKeyDetector"
    },
    {
      "name": "PypiTokenDetector"
    },
    {
      "name": "SendGridDetector"
    },
    {
      "name": "SlackDetector"
    },
    {
      "name": "SoftlayerDetector"
    },
    {
      "name": "SquareOAuthDetector"
    },
    {
      "name": "StripeDetector"
    },
    {
      "name": "TelegramBotTokenDetector"
    },
    {
      "name": "TwilioKeyDetector"
    }
  ],
  "filters_used": [
    {
      "path": "detect_secrets.filters.allowlist.is_line_allowlisted"
    },
    {
      "path": "detect_secrets.filters.common.is_ignored_due_to_verification_policies",
      "min_level": 2
    },
    {
      "path": "detect_secrets.filters.heuristic.is_indirect_reference"
    },
    {
      "path": "detect_secrets.filters.heuristic.is_likely_id_string"
    },
    {
      "path": "detect_secrets.filters.heuristic.is_lock_file"
    },
    {
      "path": "detect_secrets.filters.heuristic.is_not_alphanumeric_string"
    },
    {
      "path": "detect_secrets.filters.heuristic.is_potential_uuid"
    },
    {
      "path": "detect_secrets.filters.heuristic.is_prefixed_with_dollar_sign"
    },
    {
      "path": "detect_secrets.filters.heuristic.is_sequential_string"
    },
    {
      "path": "detect_secrets.filters.heuristic.is_swagger_file"
    },
    {
      "path": "detect_secrets.filters.heuristic.is_templated_secret"
    }
  ],
  "results": {
    ".claude/commands/app-deploy.md": [
      {
        "type": "Secret Keyword",
        "filename": ".claude/commands/app-deploy.md",
        "hashed_secret": "0d9891e005c07679cb8122676f33249bb3e4967a",
        "is_verified": false,
        "line_number": 122
      }
    ],
    "kubernetes/apps/ai/librechat2/app/configmap.yaml": [
      {
        "type": "Secret Keyword",
        "filename": "kubernetes/apps/ai/librechat2/app/configmap.yaml",
        "hashed_secret": "7cb6efb98ba5972a9b5090dc2e517fe14d12cb04",
        "is_verified": false,
        "line_number": 100
      }
    ],
    "kubernetes/apps/ai/librechat2/app/values.yaml": [
      {
        "type": "Secret Keyword",
        "filename": "kubernetes/apps/ai/librechat2/app/values.yaml",
        "hashed_secret": "5baa61e4c9b93f3f0682250b6cf8331b7ee68fd8",
        "is_verified": false,
        "line_number": 108
      }
    ],
    "kubernetes/apps/media/plex-exporter/app/dashboard.json": [
      {
        "type": "Hex High Entropy String",
        "filename": "kubernetes/apps/media/plex-exporter/app/dashboard.json",
        "hashed_secret": "e600c78444a24b13b0e069211bd17791ce6e9b36",
        "is_verified": false,
        "line_number": 1800
      }
    ],
    "kubernetes/apps/observability/grafana/app/helmrelease.yaml": [
      {
        "type": "Secret Keyword",
        "filename": "kubernetes/apps/observability/grafana/app/helmrelease.yaml",
        "hashed_secret": "f1447181cf19d81ff8048e969ea3e9eb3f1bc87d",
        "is_verified": false,
        "line_number": 28
      }
    ],
    "kubernetes/apps/observability/grafana/app/secret.sops.yaml": [
      {
        "type": "Secret Keyword",
        "filename": "kubernetes/apps/observability/grafana/app/secret.sops.yaml",
        "hashed_secret": "2bc24ea29f716e7981e92b72a94399a83e245884",
        "is_verified": false,
        "line_number": 10
      }
    ],
    "kubernetes/apps/productivity/paperless/app/secret-values.sops.yaml": [
      {
        "type": "Secret Keyword",
        "filename": "kubernetes/apps/productivity/paperless/app/secret-values.sops.yaml",
        "hashed_secret": "86709214f8712f3fdb3922f203dd13dafb75d62d",
        "is_verified": false,
        "line_number": 9
      },
      {
        "type": "Secret Keyword",
        "filename": "kubernetes/apps/productivity/paperless/app/secret-values.sops.yaml",
        "hashed_secret": "dca375b2caba97e9c1856b9b443726a008c7169e",
        "is_verified": false,
        "line_number": 10
      }
    ],
    "kubernetes/apps/productivity/webtrees/app/secret.sops.yaml": [
      {
        "type": "Secret Keyword",
        "filename": "kubernetes/apps/productivity/webtrees/app/secret.sops.yaml",
        "hashed_secret": "84028470f7b742f7f0b40cadb9193a72b5a93dd1",
        "is_verified": false,
        "line_number": 8
      }
    ],
    "kubernetes/apps/productivity/webtrees/db/helmrelease.yaml": [
      {
        "type": "Secret Keyword",
        "filename": "kubernetes/apps/productivity/webtrees/db/helmrelease.yaml",
        "hashed_secret": "b8f76a5bd3411e9635eb54a0dffa48aeba1ac1dd",
        "is_verified": false,
        "line_number": 27
      }
    ],
    "kubernetes/apps/productivity/webtrees/db/secret.sops.yaml": [
      {
        "type": "Secret Keyword",
        "filename": "kubernetes/apps/productivity/webtrees/db/secret.sops.yaml",
        "hashed_secret": "c17fd2178fe5afa44e4a618ab63f38db632c73ed",
        "is_verified": false,
        "line_number": 8
      },
      {
        "type": "Secret Keyword",
        "filename": "kubernetes/apps/productivity/webtrees/db/secret.sops.yaml",
        "hashed_secret": "fc7558ce3a5d112180937382c4e89577566b5188",
        "is_verified": false,
        "line_number": 9
      },
      {
        "type": "Secret Keyword",
        "filename": "kubernetes/apps/productivity/webtrees/db/secret.sops.yaml",
        "hashed_secret": "b276fddd97fca3d143bec11f1264ec218932a7d8",
        "is_verified": false,
        "line_number": 10
      }
    ],
    "kubernetes/apps/storage/velero/app/helmrelease.yaml": [
      {
        "type": "Secret Keyword",
        "filename": "kubernetes/apps/storage/velero/app/helmrelease.yaml",
        "hashed_secret": "654b78c087ae63ecfd93886e5857f8297abbf806",
        "is_verified": false,
        "line_number": 58
      }
    ],
    "kubernetes/components/common/cluster-secrets.sops.yaml": [
      {
        "type": "Secret Keyword",
        "filename": "kubernetes/components/common/cluster-secrets.sops.yaml",
        "hashed_secret": "28ca8cd8a5ced413847e4c072ceb459bed1e172c",
        "is_verified": false,
        "line_number": 8
      },
      {
        "type": "Secret Keyword",
        "filename": "kubernetes/components/common/cluster-secrets.sops.yaml",
        "hashed_secret": "7504e8c818164cae6e0c659d57b9c5917d61b3d8",
        "is_verified": false,
        "line_number": 9
      },
      {
        "type": "Secret Keyword",
        "filename": "kubernetes/components/common/cluster-secrets.sops.yaml",
        "hashed_secret": "c4534fa48ffbf66a38c959f40ffc1294880543b5",
        "is_verified": false,
        "line_number": 10
      },
      {
        "type": "Secret Keyword",
        "filename": "kubernetes/components/common/cluster-secrets.sops.yaml",
        "hashed_secret": "45685fb83058873b1918a753950028fcc96729b0",
        "is_verified": false,
        "line_number": 11
      },
      {
        "type": "Secret Keyword",
        "filename": "kubernetes/components/common/cluster-secrets.sops.yaml",
        "hashed_secret": "25230b6637277ea1a68cc6248acbce09fface56b",
        "is_verified": false,
        "line_number": 13
      },
      {
        "type": "Secret Keyword",
        "filename": "kubernetes/components/common/cluster-secrets.sops.yaml",
        "hashed_secret": "4592bfc5b17700377b488cdfebdea3060975a896",
        "is_verified": false,
        "line_number": 15
      },
      {
        "type": "Secret Keyword",
        "filename": "kubernetes/components/common/cluster-secrets.sops.yaml",
        "hashed_secret": "af575668546629bbc1ac51587f929f84f0b9cf32",
        "is_verified": false,
        "line_number": 17
      },
      {
        "type": "Secret Keyword",
        "filename": "kubernetes/components/common/cluster-secrets.sops.yaml",
        "hashed_secret": "3972351350ff093c1a4442e79bc71954881ef4ff",
        "is_verified": false,
        "line_number": 18
      },
      {
        "type": "Secret Keyword",
        "filename": "kubernetes/components/common/cluster-secrets.sops.yaml",
        "hashed_secret": "1bf1c939c6cade292ad0b09e08dcdd70078900b9",
        "is_verified": false,
        "line_number": 20
      },
      {
        "type": "Secret Keyword",
        "filename": "kubernetes/components/common/cluster-secrets.sops.yaml",
        "hashed_secret": "ad5d91658683e50f13424ffeef4baa00b06daae5",
        "is_verified": false,
        "line_number": 21
      },
      {
        "type": "Secret Keyword",
        "filename": "kubernetes/components/common/cluster-secrets.sops.yaml",
        "hashed_secret": "de820e82e803702d284b8773cc10993efff437d7",
        "is_verified": false,
        "line_number": 22
      }
    ],
    "talos/talsecret.sops.yaml": [
      {
        "type": "Secret Keyword",
        "filename": "talos/talsecret.sops.yaml",
        "hashed_secret": "ad4952e3815efb1034c756ac9a911a4d29f91482",
        "is_verified": false,
        "line_number": 3
      },
      {
        "type": "Secret Keyword",
        "filename": "talos/talsecret.sops.yaml",
        "hashed_secret": "19f899d6e6b1798f59e0d2538b7cdca612c6a7b7",
        "is_verified": false,
        "line_number": 6
      },
      {
        "type": "Secret Keyword",
        "filename": "talos/talsecret.sops.yaml",
        "hashed_secret": "2e195e2c5510c7facc7527d32dce5d63350ad26f",
        "is_verified": false,
        "line_number": 25
      }
    ]
  },
  "generated_at": "2025-09-06T08:21:57Z"
}
